/home/georgev/.conda/envs/tinybird/lib/python3.13/site-packages/torch/nn/modules/transformer.py:379: UserWarning: enable_nested_tensor is True, but self.use_nested_tensor is False because encoder_layer.norm_first was True
  warnings.warn(
/gpfs/home/georgev/TinyBird/src/utils.py:160: FutureWarning: You are using `torch.load` with `weights_only=False` (the current default value), which uses the default pickle module implicitly. It is possible to construct malicious pickle data which will execute arbitrary code during unpickling (See https://github.com/pytorch/pytorch/blob/main/SECURITY.md#untrusted-models for more details). In a future release, the default value for `weights_only` will be flipped to `True`. This limits the functions that could be executed during unpickling. Arbitrary objects will no longer be allowed to be loaded via this mode unless they are explicitly allowlisted by the user via `torch.serialization.add_safe_globals`. We recommend you start setting `weights_only=True` for any use case where you don't have full control of the loaded file. Please open an issue on GitHub for any issues related to this experimental feature.
  state_dict = torch.load(checkpoint_path, map_location='cpu')
wandb: [wandb.login()] Loaded credentials for https://api.wandb.ai from /home/georgev/.netrc.
wandb: W&B API key is configured. Use `wandb login --relogin` to force relogin
wandb: setting up run ijz6ll38
wandb: Tracking run with wandb version 0.24.0
wandb: Run data is saved locally in /gpfs/home/georgev/TinyBird/wandb/run-20260130_071516-ijz6ll38
wandb: Run `wandb offline` to turn off syncing.
wandb: Syncing run xcm_voronoi_mask_no_normalize_128h_1w
wandb: ⭐️ View project at https://wandb.ai/georgevenven-university-of-oregon/tinybird
wandb: 🚀 View run at https://wandb.ai/georgevenven-university-of-oregon/tinybird/runs/ijz6ll38
/gpfs/home/georgev/TinyBird/src/pretrain.py:148: FutureWarning: `torch.cuda.amp.GradScaler(args...)` is deprecated. Please use `torch.amp.GradScaler('cuda', args...)` instead.
  self.scaler = torch.cuda.amp.GradScaler() if self.use_amp else None
/gpfs/home/georgev/TinyBird/src/pretrain.py:210: FutureWarning: `torch.cuda.amp.autocast(args...)` is deprecated. Please use `torch.amp.autocast('cuda', args...)` instead.
  with torch.cuda.amp.autocast():
/gpfs/home/georgev/TinyBird/src/plotting_utils.py:128: FutureWarning: `torch.cuda.amp.autocast(args...)` is deprecated. Please use `torch.amp.autocast('cuda', args...)` instead.
  with torch.cuda.amp.autocast():
slurmstepd: error: *** JOB 41674886 ON n0153 CANCELLED AT 2026-02-06T07:12:07 DUE TO TIME LIMIT ***
