Requirement already satisfied: datasets<4,>=3 in /home/georgev/.conda/envs/tinybird/lib/python3.13/site-packages (from -r /home/georgev/TinyBird/requirements.txt (line 1)) (3.6.0)
Requirement already satisfied: hdbscan in /home/georgev/.conda/envs/tinybird/lib/python3.13/site-packages (from -r /home/georgev/TinyBird/requirements.txt (line 2)) (0.8.39)
Requirement already satisfied: huggingface-hub in /home/georgev/.conda/envs/tinybird/lib/python3.13/site-packages (from -r /home/georgev/TinyBird/requirements.txt (line 3)) (0.35.1)
Requirement already satisfied: librosa in /home/georgev/.conda/envs/tinybird/lib/python3.13/site-packages (from -r /home/georgev/TinyBird/requirements.txt (line 4)) (0.11.0)
Requirement already satisfied: matplotlib in /home/georgev/.conda/envs/tinybird/lib/python3.13/site-packages (from -r /home/georgev/TinyBird/requirements.txt (line 5)) (3.10.6)
Requirement already satisfied: numpy in /home/georgev/.conda/envs/tinybird/lib/python3.13/site-packages (from -r /home/georgev/TinyBird/requirements.txt (line 6)) (2.3.3)
Requirement already satisfied: psutil in /home/georgev/.conda/envs/tinybird/lib/python3.13/site-packages (from -r /home/georgev/TinyBird/requirements.txt (line 7)) (7.1.0)
Requirement already satisfied: scikit-learn in /home/georgev/.conda/envs/tinybird/lib/python3.13/site-packages (from -r /home/georgev/TinyBird/requirements.txt (line 8)) (1.7.2)
Requirement already satisfied: scipy in /home/georgev/.conda/envs/tinybird/lib/python3.13/site-packages (from -r /home/georgev/TinyBird/requirements.txt (line 9)) (1.16.2)
Requirement already satisfied: tqdm in /home/georgev/.conda/envs/tinybird/lib/python3.13/site-packages (from -r /home/georgev/TinyBird/requirements.txt (line 10)) (4.67.1)
Requirement already satisfied: umap-learn in /home/georgev/.conda/envs/tinybird/lib/python3.13/site-packages (from -r /home/georgev/TinyBird/requirements.txt (line 11)) (0.5.11)
Requirement already satisfied: wandb in /home/georgev/.conda/envs/tinybird/lib/python3.13/site-packages (from -r /home/georgev/TinyBird/requirements.txt (line 12)) (0.24.0)
Requirement already satisfied: filelock in /home/georgev/.conda/envs/tinybird/lib/python3.13/site-packages (from datasets<4,>=3->-r /home/georgev/TinyBird/requirements.txt (line 1)) (3.13.1)
Requirement already satisfied: pyarrow>=15.0.0 in /home/georgev/.conda/envs/tinybird/lib/python3.13/site-packages (from datasets<4,>=3->-r /home/georgev/TinyBird/requirements.txt (line 1)) (21.0.0)
Requirement already satisfied: dill<0.3.9,>=0.3.0 in /home/georgev/.conda/envs/tinybird/lib/python3.13/site-packages (from datasets<4,>=3->-r /home/georgev/TinyBird/requirements.txt (line 1)) (0.3.8)
Requirement already satisfied: pandas in /home/georgev/.conda/envs/tinybird/lib/python3.13/site-packages (from datasets<4,>=3->-r /home/georgev/TinyBird/requirements.txt (line 1)) (2.3.3)
Requirement already satisfied: requests>=2.32.2 in /home/georgev/.conda/envs/tinybird/lib/python3.13/site-packages (from datasets<4,>=3->-r /home/georgev/TinyBird/requirements.txt (line 1)) (2.32.5)
Requirement already satisfied: xxhash in /home/georgev/.conda/envs/tinybird/lib/python3.13/site-packages (from datasets<4,>=3->-r /home/georgev/TinyBird/requirements.txt (line 1)) (3.6.0)
Requirement already satisfied: multiprocess<0.70.17 in /home/georgev/.conda/envs/tinybird/lib/python3.13/site-packages (from datasets<4,>=3->-r /home/georgev/TinyBird/requirements.txt (line 1)) (0.70.16)
Requirement already satisfied: fsspec<=2025.3.0,>=2023.1.0 in /home/georgev/.conda/envs/tinybird/lib/python3.13/site-packages (from fsspec[http]<=2025.3.0,>=2023.1.0->datasets<4,>=3->-r /home/georgev/TinyBird/requirements.txt (line 1)) (2024.6.1)
Requirement already satisfied: packaging in /home/georgev/.conda/envs/tinybird/lib/python3.13/site-packages (from datasets<4,>=3->-r /home/georgev/TinyBird/requirements.txt (line 1)) (25.0)
Requirement already satisfied: pyyaml>=5.1 in /home/georgev/.conda/envs/tinybird/lib/python3.13/site-packages (from datasets<4,>=3->-r /home/georgev/TinyBird/requirements.txt (line 1)) (6.0.3)
Requirement already satisfied: aiohttp!=4.0.0a0,!=4.0.0a1 in /home/georgev/.conda/envs/tinybird/lib/python3.13/site-packages (from fsspec[http]<=2025.3.0,>=2023.1.0->datasets<4,>=3->-r /home/georgev/TinyBird/requirements.txt (line 1)) (3.13.0)
Requirement already satisfied: joblib>=1.0 in /home/georgev/.conda/envs/tinybird/lib/python3.13/site-packages (from hdbscan->-r /home/georgev/TinyBird/requirements.txt (line 2)) (1.5.2)
Requirement already satisfied: hf-xet<2.0.0,>=1.1.3 in /home/georgev/.conda/envs/tinybird/lib/python3.13/site-packages (from huggingface-hub->-r /home/georgev/TinyBird/requirements.txt (line 3)) (1.1.10)
Requirement already satisfied: typing-extensions>=3.7.4.3 in /home/georgev/.conda/envs/tinybird/lib/python3.13/site-packages (from huggingface-hub->-r /home/georgev/TinyBird/requirements.txt (line 3)) (4.15.0)
Requirement already satisfied: audioread>=2.1.9 in /home/georgev/.conda/envs/tinybird/lib/python3.13/site-packages (from librosa->-r /home/georgev/TinyBird/requirements.txt (line 4)) (3.0.1)
Requirement already satisfied: numba>=0.51.0 in /home/georgev/.conda/envs/tinybird/lib/python3.13/site-packages (from librosa->-r /home/georgev/TinyBird/requirements.txt (line 4)) (0.62.1)
Requirement already satisfied: decorator>=4.3.0 in /home/georgev/.conda/envs/tinybird/lib/python3.13/site-packages (from librosa->-r /home/georgev/TinyBird/requirements.txt (line 4)) (5.2.1)
Requirement already satisfied: soundfile>=0.12.1 in /home/georgev/.conda/envs/tinybird/lib/python3.13/site-packages (from librosa->-r /home/georgev/TinyBird/requirements.txt (line 4)) (0.13.1)
Requirement already satisfied: pooch>=1.1 in /home/georgev/.conda/envs/tinybird/lib/python3.13/site-packages (from librosa->-r /home/georgev/TinyBird/requirements.txt (line 4)) (1.8.2)
Requirement already satisfied: soxr>=0.3.2 in /home/georgev/.conda/envs/tinybird/lib/python3.13/site-packages (from librosa->-r /home/georgev/TinyBird/requirements.txt (line 4)) (1.0.0)
Requirement already satisfied: lazy_loader>=0.1 in /home/georgev/.conda/envs/tinybird/lib/python3.13/site-packages (from librosa->-r /home/georgev/TinyBird/requirements.txt (line 4)) (0.4)
Requirement already satisfied: msgpack>=1.0 in /home/georgev/.conda/envs/tinybird/lib/python3.13/site-packages (from librosa->-r /home/georgev/TinyBird/requirements.txt (line 4)) (1.1.1)
Requirement already satisfied: standard-aifc in /home/georgev/.conda/envs/tinybird/lib/python3.13/site-packages (from librosa->-r /home/georgev/TinyBird/requirements.txt (line 4)) (3.13.0)
Requirement already satisfied: standard-sunau in /home/georgev/.conda/envs/tinybird/lib/python3.13/site-packages (from librosa->-r /home/georgev/TinyBird/requirements.txt (line 4)) (3.13.0)
Requirement already satisfied: contourpy>=1.0.1 in /home/georgev/.conda/envs/tinybird/lib/python3.13/site-packages (from matplotlib->-r /home/georgev/TinyBird/requirements.txt (line 5)) (1.3.3)
Requirement already satisfied: cycler>=0.10 in /home/georgev/.conda/envs/tinybird/lib/python3.13/site-packages (from matplotlib->-r /home/georgev/TinyBird/requirements.txt (line 5)) (0.12.1)
Requirement already satisfied: fonttools>=4.22.0 in /home/georgev/.conda/envs/tinybird/lib/python3.13/site-packages (from matplotlib->-r /home/georgev/TinyBird/requirements.txt (line 5)) (4.60.1)
Requirement already satisfied: kiwisolver>=1.3.1 in /home/georgev/.conda/envs/tinybird/lib/python3.13/site-packages (from matplotlib->-r /home/georgev/TinyBird/requirements.txt (line 5)) (1.4.9)
Requirement already satisfied: pillow>=8 in /home/georgev/.conda/envs/tinybird/lib/python3.13/site-packages (from matplotlib->-r /home/georgev/TinyBird/requirements.txt (line 5)) (11.3.0)
Requirement already satisfied: pyparsing>=2.3.1 in /home/georgev/.conda/envs/tinybird/lib/python3.13/site-packages (from matplotlib->-r /home/georgev/TinyBird/requirements.txt (line 5)) (3.2.5)
Requirement already satisfied: python-dateutil>=2.7 in /home/georgev/.conda/envs/tinybird/lib/python3.13/site-packages (from matplotlib->-r /home/georgev/TinyBird/requirements.txt (line 5)) (2.9.0.post0)
Requirement already satisfied: threadpoolctl>=3.1.0 in /home/georgev/.conda/envs/tinybird/lib/python3.13/site-packages (from scikit-learn->-r /home/georgev/TinyBird/requirements.txt (line 8)) (3.6.0)
Requirement already satisfied: pynndescent>=0.5 in /home/georgev/.conda/envs/tinybird/lib/python3.13/site-packages (from umap-learn->-r /home/georgev/TinyBird/requirements.txt (line 11)) (0.6.0)
Requirement already satisfied: click>=8.0.1 in /home/georgev/.conda/envs/tinybird/lib/python3.13/site-packages (from wandb->-r /home/georgev/TinyBird/requirements.txt (line 12)) (8.3.1)
Requirement already satisfied: gitpython!=3.1.29,>=1.0.0 in /home/georgev/.conda/envs/tinybird/lib/python3.13/site-packages (from wandb->-r /home/georgev/TinyBird/requirements.txt (line 12)) (3.1.46)
Requirement already satisfied: platformdirs in /home/georgev/.conda/envs/tinybird/lib/python3.13/site-packages (from wandb->-r /home/georgev/TinyBird/requirements.txt (line 12)) (4.4.0)
Requirement already satisfied: protobuf!=4.21.0,!=5.28.0,<7,>=3.19.0 in /home/georgev/.conda/envs/tinybird/lib/python3.13/site-packages (from wandb->-r /home/georgev/TinyBird/requirements.txt (line 12)) (6.33.4)
Requirement already satisfied: pydantic<3 in /home/georgev/.conda/envs/tinybird/lib/python3.13/site-packages (from wandb->-r /home/georgev/TinyBird/requirements.txt (line 12)) (2.12.5)
Requirement already satisfied: sentry-sdk>=2.0.0 in /home/georgev/.conda/envs/tinybird/lib/python3.13/site-packages (from wandb->-r /home/georgev/TinyBird/requirements.txt (line 12)) (2.49.0)
Requirement already satisfied: annotated-types>=0.6.0 in /home/georgev/.conda/envs/tinybird/lib/python3.13/site-packages (from pydantic<3->wandb->-r /home/georgev/TinyBird/requirements.txt (line 12)) (0.7.0)
Requirement already satisfied: pydantic-core==2.41.5 in /home/georgev/.conda/envs/tinybird/lib/python3.13/site-packages (from pydantic<3->wandb->-r /home/georgev/TinyBird/requirements.txt (line 12)) (2.41.5)
Requirement already satisfied: typing-inspection>=0.4.2 in /home/georgev/.conda/envs/tinybird/lib/python3.13/site-packages (from pydantic<3->wandb->-r /home/georgev/TinyBird/requirements.txt (line 12)) (0.4.2)
Requirement already satisfied: charset_normalizer<4,>=2 in /home/georgev/.conda/envs/tinybird/lib/python3.13/site-packages (from requests>=2.32.2->datasets<4,>=3->-r /home/georgev/TinyBird/requirements.txt (line 1)) (3.4.3)
Requirement already satisfied: idna<4,>=2.5 in /home/georgev/.conda/envs/tinybird/lib/python3.13/site-packages (from requests>=2.32.2->datasets<4,>=3->-r /home/georgev/TinyBird/requirements.txt (line 1)) (3.10)
Requirement already satisfied: urllib3<3,>=1.21.1 in /home/georgev/.conda/envs/tinybird/lib/python3.13/site-packages (from requests>=2.32.2->datasets<4,>=3->-r /home/georgev/TinyBird/requirements.txt (line 1)) (2.5.0)
Requirement already satisfied: certifi>=2017.4.17 in /home/georgev/.conda/envs/tinybird/lib/python3.13/site-packages (from requests>=2.32.2->datasets<4,>=3->-r /home/georgev/TinyBird/requirements.txt (line 1)) (2025.10.5)
Requirement already satisfied: aiohappyeyeballs>=2.5.0 in /home/georgev/.conda/envs/tinybird/lib/python3.13/site-packages (from aiohttp!=4.0.0a0,!=4.0.0a1->fsspec[http]<=2025.3.0,>=2023.1.0->datasets<4,>=3->-r /home/georgev/TinyBird/requirements.txt (line 1)) (2.6.1)
Requirement already satisfied: aiosignal>=1.4.0 in /home/georgev/.conda/envs/tinybird/lib/python3.13/site-packages (from aiohttp!=4.0.0a0,!=4.0.0a1->fsspec[http]<=2025.3.0,>=2023.1.0->datasets<4,>=3->-r /home/georgev/TinyBird/requirements.txt (line 1)) (1.4.0)
Requirement already satisfied: attrs>=17.3.0 in /home/georgev/.conda/envs/tinybird/lib/python3.13/site-packages (from aiohttp!=4.0.0a0,!=4.0.0a1->fsspec[http]<=2025.3.0,>=2023.1.0->datasets<4,>=3->-r /home/georgev/TinyBird/requirements.txt (line 1)) (25.4.0)
Requirement already satisfied: frozenlist>=1.1.1 in /home/georgev/.conda/envs/tinybird/lib/python3.13/site-packages (from aiohttp!=4.0.0a0,!=4.0.0a1->fsspec[http]<=2025.3.0,>=2023.1.0->datasets<4,>=3->-r /home/georgev/TinyBird/requirements.txt (line 1)) (1.7.0)
Requirement already satisfied: multidict<7.0,>=4.5 in /home/georgev/.conda/envs/tinybird/lib/python3.13/site-packages (from aiohttp!=4.0.0a0,!=4.0.0a1->fsspec[http]<=2025.3.0,>=2023.1.0->datasets<4,>=3->-r /home/georgev/TinyBird/requirements.txt (line 1)) (6.6.3)
Requirement already satisfied: propcache>=0.2.0 in /home/georgev/.conda/envs/tinybird/lib/python3.13/site-packages (from aiohttp!=4.0.0a0,!=4.0.0a1->fsspec[http]<=2025.3.0,>=2023.1.0->datasets<4,>=3->-r /home/georgev/TinyBird/requirements.txt (line 1)) (0.3.1)
Requirement already satisfied: yarl<2.0,>=1.17.0 in /home/georgev/.conda/envs/tinybird/lib/python3.13/site-packages (from aiohttp!=4.0.0a0,!=4.0.0a1->fsspec[http]<=2025.3.0,>=2023.1.0->datasets<4,>=3->-r /home/georgev/TinyBird/requirements.txt (line 1)) (1.20.1)
Requirement already satisfied: gitdb<5,>=4.0.1 in /home/georgev/.conda/envs/tinybird/lib/python3.13/site-packages (from gitpython!=3.1.29,>=1.0.0->wandb->-r /home/georgev/TinyBird/requirements.txt (line 12)) (4.0.12)
Requirement already satisfied: smmap<6,>=3.0.1 in /home/georgev/.conda/envs/tinybird/lib/python3.13/site-packages (from gitdb<5,>=4.0.1->gitpython!=3.1.29,>=1.0.0->wandb->-r /home/georgev/TinyBird/requirements.txt (line 12)) (5.0.2)
Requirement already satisfied: llvmlite<0.46,>=0.45.0dev0 in /home/georgev/.conda/envs/tinybird/lib/python3.13/site-packages (from numba>=0.51.0->librosa->-r /home/georgev/TinyBird/requirements.txt (line 4)) (0.45.0)
Requirement already satisfied: six>=1.5 in /home/georgev/.conda/envs/tinybird/lib/python3.13/site-packages (from python-dateutil>=2.7->matplotlib->-r /home/georgev/TinyBird/requirements.txt (line 5)) (1.17.0)
Requirement already satisfied: cffi>=1.0 in /home/georgev/.conda/envs/tinybird/lib/python3.13/site-packages (from soundfile>=0.12.1->librosa->-r /home/georgev/TinyBird/requirements.txt (line 4)) (2.0.0)
Requirement already satisfied: pycparser in /home/georgev/.conda/envs/tinybird/lib/python3.13/site-packages (from cffi>=1.0->soundfile>=0.12.1->librosa->-r /home/georgev/TinyBird/requirements.txt (line 4)) (2.22)
Requirement already satisfied: pytz>=2020.1 in /home/georgev/.conda/envs/tinybird/lib/python3.13/site-packages (from pandas->datasets<4,>=3->-r /home/georgev/TinyBird/requirements.txt (line 1)) (2025.2)
Requirement already satisfied: tzdata>=2022.7 in /home/georgev/.conda/envs/tinybird/lib/python3.13/site-packages (from pandas->datasets<4,>=3->-r /home/georgev/TinyBird/requirements.txt (line 1)) (2025.2)
Requirement already satisfied: standard-chunk in /home/georgev/.conda/envs/tinybird/lib/python3.13/site-packages (from standard-aifc->librosa->-r /home/georgev/TinyBird/requirements.txt (line 4)) (3.13.0)
Requirement already satisfied: audioop-lts in /home/georgev/.conda/envs/tinybird/lib/python3.13/site-packages (from standard-aifc->librosa->-r /home/georgev/TinyBird/requirements.txt (line 4)) (0.2.2)
